[1/80] monod_1_softplus.pkl  45 s  (elapsed 45 s)
[2/80] monod_0_factor.pkl  46 s  (elapsed 46 s)
[3/80] haldane_0_softplus.pkl  51 s  (elapsed 51 s)
[4/80] contois_0_factor.pkl  52 s  (elapsed 53 s)
[5/80] contois_0_softplus.pkl  55 s  (elapsed 56 s)
[6/80] biomass_inh_0_softplus.pkl  59 s  (elapsed 59 s)
[7/80] biomass_inh_1_factor.pkl  62 s  (elapsed 63 s)
[8/80] monod_0_softplus.pkl  63 s  (elapsed 63 s)
[9/80] haldane_1_softplus.pkl  64 s  (elapsed 64 s)
[10/80] contois_1_factor.pkl  65 s  (elapsed 65 s)
[11/80] contois_1_softplus.pkl  70 s  (elapsed 70 s)
[12/80] biomass_inh_0_factor.pkl  70 s  (elapsed 70 s)
[13/80] biomass_inh_1_softplus.pkl  71 s  (elapsed 71 s)
[14/80] haldane_1_factor.pkl  72 s  (elapsed 73 s)
[15/80] haldane_0_factor.pkl  77 s  (elapsed 77 s)
[16/80] monod_1_factor.pkl  78 s  (elapsed 78 s)
[17/80] contois_2_factor.pkl  42 s  (elapsed 93 s)
[18/80] monod_2_factor.pkl  51 s  (elapsed 97 s)
[19/80] haldane_2_factor.pkl  46 s  (elapsed 102 s)
[20/80] contois_2_softplus.pkl  50 s  (elapsed 102 s)
[21/80] haldane_2_softplus.pkl  53 s  (elapsed 112 s)
[22/80] monod_2_softplus.pkl  66 s  (elapsed 112 s)
[23/80] biomass_inh_2_softplus.pkl  57 s  (elapsed 120 s)
[24/80] monod_3_factor.pkl  60 s  (elapsed 124 s)
[25/80] contois_3_factor.pkl  56 s  (elapsed 126 s)
[26/80] biomass_inh_3_softplus.pkl  50 s  (elapsed 128 s)
[27/80] biomass_inh_2_factor.pkl  68 s  (elapsed 131 s)
[28/80] monod_3_softplus.pkl  67 s  (elapsed 131 s)
[29/80] haldane_3_factor.pkl  63 s  (elapsed 134 s)
[30/80] contois_3_softplus.pkl  64 s  (elapsed 134 s)
[31/80] haldane_3_softplus.pkl  65 s  (elapsed 138 s)
[32/80] biomass_inh_3_factor.pkl  69 s  (elapsed 146 s)
[33/80] contois_4_softplus.pkl  49 s  (elapsed 151 s)
[34/80] contois_4_factor.pkl  51 s  (elapsed 153 s)
[35/80] monod_4_factor.pkl  60 s  (elapsed 153 s)
[36/80] monod_4_softplus.pkl  57 s  (elapsed 154 s)
[37/80] monod_5_softplus.pkl  52 s  (elapsed 180 s)
[38/80] biomass_inh_4_factor.pkl  60 s  (elapsed 180 s)
[39/80] haldane_4_softplus.pkl  68 s  (elapsed 181 s)
[40/80] biomass_inh_5_factor.pkl  44 s  (elapsed 182 s)
[41/80] contois_5_factor.pkl  52 s  (elapsed 183 s)
[42/80] biomass_inh_4_softplus.pkl  60 s  (elapsed 183 s)
[43/80] haldane_5_softplus.pkl  51 s  (elapsed 186 s)
[44/80] monod_5_factor.pkl  64 s  (elapsed 191 s)
[45/80] haldane_4_factor.pkl  81 s  (elapsed 193 s)
[46/80] contois_6_softplus.pkl  39 s  (elapsed 193 s)
[47/80] contois_5_softplus.pkl  66 s  (elapsed 197 s)
[48/80] haldane_5_factor.pkl  68 s  (elapsed 202 s)
[49/80] biomass_inh_5_softplus.pkl  59 s  (elapsed 204 s)
[50/80] monod_6_softplus.pkl  56 s  (elapsed 209 s)
[51/80] monod_6_factor.pkl  67 s  (elapsed 219 s)
[52/80] biomass_inh_6_softplus.pkl  39 s  (elapsed 222 s)
[53/80] haldane_6_softplus.pkl  44 s  (elapsed 224 s)
[54/80] contois_7_factor.pkl  45 s  (elapsed 231 s)
[55/80] contois_6_factor.pkl  79 s  (elapsed 232 s)
[56/80] biomass_inh_6_factor.pkl  52 s  (elapsed 233 s)
[57/80] monod_7_softplus.pkl  52 s  (elapsed 235 s)
[58/80] contois_7_softplus.pkl  49 s  (elapsed 240 s)
[59/80] haldane_7_factor.pkl  47 s  (elapsed 240 s)
[60/80] monod_7_factor.pkl  58 s  (elapsed 241 s)
[61/80] haldane_7_softplus.pkl  53 s  (elapsed 246 s)
[62/80] haldane_6_factor.pkl  70 s  (elapsed 250 s)
[63/80] biomass_inh_7_softplus.pkl  49 s  (elapsed 251 s)
[64/80] monod_8_softplus.pkl  43 s  (elapsed 252 s)
[65/80] biomass_inh_7_factor.pkl  56 s  (elapsed 253 s)
[66/80] monod_8_factor.pkl  55 s  (elapsed 259 s)
[67/80] contois_8_softplus.pkl  51 s  (elapsed 273 s)
[68/80] contois_8_factor.pkl  60 s  (elapsed 279 s)
[69/80] haldane_8_factor.pkl  55 s  (elapsed 279 s)
[70/80] monod_9_factor.pkl  50 s  (elapsed 285 s)
[71/80] monod_9_softplus.pkl  46 s  (elapsed 286 s)
[72/80] haldane_8_softplus.pkl  55 s  (elapsed 286 s)
[73/80] biomass_inh_8_softplus.pkl  53 s  (elapsed 287 s)
[74/80] contois_9_factor.pkl  52 s  (elapsed 292 s)
[75/80] contois_9_softplus.pkl  51 s  (elapsed 292 s)
[76/80] biomass_inh_8_factor.pkl  62 s  (elapsed 294 s)
[77/80] haldane_9_factor.pkl  48 s  (elapsed 295 s)
[78/80] haldane_9_softplus.pkl  47 s  (elapsed 298 s)
[79/80] biomass_inh_9_factor.pkl  50 s  (elapsed 301 s)
[80/80] biomass_inh_9_softplus.pkl  50 s  (elapsed 302 s)
