[1/120] hidden_0.pkl  0 s  (elapsed 0 s)
[2/120] monod_0.pkl  0 s  (elapsed 0 s)
[3/120] haldane_0.pkl  0 s  (elapsed 0 s)
[4/120] biomass_inh+kd_0.pkl  200 s  (elapsed 200 s)
[5/120] biomass_inh_0.pkl  229 s  (elapsed 229 s)
[6/120] biomass_inh+kd_1.pkl  240 s  (elapsed 240 s)
[7/120] moser_2.pkl  241 s  (elapsed 241 s)
[8/120] contois+kd_1.pkl  243 s  (elapsed 243 s)
[9/120] moser_0.pkl  251 s  (elapsed 251 s)
[10/120] contois+kd_2.pkl  263 s  (elapsed 263 s)
[11/120] contois_2.pkl  274 s  (elapsed 275 s)
[12/120] biomass_inh_1.pkl  278 s  (elapsed 278 s)
[13/120] haldane+kd_0.pkl  300 s  (elapsed 300 s)
[14/120] contois_1.pkl  304 s  (elapsed 304 s)
[15/120] contois_0.pkl  311 s  (elapsed 311 s)
[16/120] haldane+kd_2.pkl  313 s  (elapsed 313 s)
[17/120] tessier_0.pkl  313 s  (elapsed 313 s)
[18/120] contois+kd_0.pkl  313 s  (elapsed 314 s)
[19/120] haldane+kd_1.pkl  328 s  (elapsed 328 s)
[20/120] tessier_1.pkl  344 s  (elapsed 345 s)
[21/120] haldane_1.pkl  362 s  (elapsed 363 s)
[22/120] monod+kd_1.pkl  371 s  (elapsed 371 s)
[23/120] aiba_0.pkl  392 s  (elapsed 392 s)
[24/120] monod+kd_2.pkl  396 s  (elapsed 396 s)
[25/120] tessier_2.pkl  403 s  (elapsed 403 s)
[26/120] aiba_2.pkl  403 s  (elapsed 403 s)
[27/120] biomass_inh+kd_2.pkl  180 s  (elapsed 420 s)
[28/120] monod+kd_0.pkl  421 s  (elapsed 421 s)
[29/120] aiba_1.pkl  430 s  (elapsed 430 s)
[30/120] moser_1.pkl  443 s  (elapsed 443 s)
[31/120] biomass_inh_2.pkl  231 s  (elapsed 460 s)
[32/120] monod_2.pkl  470 s  (elapsed 470 s)
[33/120] biomass_inh_3.pkl  200 s  (elapsed 514 s)
[34/120] monod_1.pkl  521 s  (elapsed 521 s)
[35/120] haldane_2.pkl  331 s  (elapsed 531 s)
[36/120] biomass_inh+kd_3.pkl  228 s  (elapsed 542 s)
[37/120] contois+kd_3.pkl  235 s  (elapsed 546 s)
[38/120] haldane+kd_3.pkl  291 s  (elapsed 569 s)
[39/120] moser_3.pkl  329 s  (elapsed 580 s)
[40/120] tessier_3.pkl  320 s  (elapsed 583 s)
[41/120] haldane_3.pkl  314 s  (elapsed 628 s)
[42/120] biomass_inh+kd_4.pkl  208 s  (elapsed 651 s)
[43/120] contois_4.pkl  248 s  (elapsed 651 s)
[44/120] monod_3.pkl  374 s  (elapsed 675 s)
[45/120] contois_3.pkl  372 s  (elapsed 677 s)
[46/120] biomass_inh_4.pkl  255 s  (elapsed 685 s)
[47/120] hidden_2.pkl  685 s  (elapsed 686 s)
[48/120] monod+kd_4.pkl  300 s  (elapsed 692 s)
[49/120] contois+kd_4.pkl  273 s  (elapsed 693 s)
[50/120] haldane_4.pkl  277 s  (elapsed 699 s)
[51/120] hidden_1.pkl  709 s  (elapsed 710 s)
[52/120] tessier_4.pkl  341 s  (elapsed 712 s)
[53/120] moser_4.pkl  354 s  (elapsed 716 s)
[54/120] monod+kd_3.pkl  461 s  (elapsed 736 s)
[55/120] aiba_4.pkl  411 s  (elapsed 756 s)
[56/120] hidden_3.pkl  521 s  (elapsed 762 s)
[57/120] haldane+kd_4.pkl  368 s  (elapsed 764 s)
[58/120] aiba_3.pkl  521 s  (elapsed 764 s)
[59/120] moser_5.pkl  266 s  (elapsed 780 s)
[60/120] monod_4.pkl  450 s  (elapsed 853 s)
[61/120] contois+kd_5.pkl  277 s  (elapsed 857 s)
[62/120] contois_5.pkl  306 s  (elapsed 875 s)
[63/120] biomass_inh+kd_5.pkl  227 s  (elapsed 878 s)
[64/120] biomass_inh_5.pkl  270 s  (elapsed 898 s)
[65/120] haldane+kd_5.pkl  375 s  (elapsed 916 s)
[66/120] biomass_inh+kd_6.pkl  188 s  (elapsed 924 s)
[67/120] tessier_5.pkl  407 s  (elapsed 929 s)
[68/120] monod+kd_5.pkl  414 s  (elapsed 945 s)
[69/120] aiba_5.pkl  483 s  (elapsed 953 s)
[70/120] monod_5.pkl  412 s  (elapsed 959 s)
[71/120] biomass_inh_6.pkl  260 s  (elapsed 976 s)
[72/120] haldane_5.pkl  406 s  (elapsed 989 s)
[73/120] moser_6.pkl  321 s  (elapsed 997 s)
[74/120] contois_6.pkl  303 s  (elapsed 1002 s)
[75/120] contois+kd_6.pkl  295 s  (elapsed 1004 s)
[76/120] monod_6.pkl  321 s  (elapsed 1014 s)
[77/120] tessier_6.pkl  333 s  (elapsed 1018 s)
[78/120] hidden_4.pkl  717 s  (elapsed 1045 s)
[79/120] hidden_5.pkl  599 s  (elapsed 1059 s)
[80/120] haldane+kd_6.pkl  368 s  (elapsed 1060 s)
[81/120] aiba_7.pkl  311 s  (elapsed 1073 s)
[82/120] moser_7.pkl  314 s  (elapsed 1078 s)
[83/120] haldane_6.pkl  370 s  (elapsed 1082 s)
[84/120] contois_7.pkl  223 s  (elapsed 1098 s)
[85/120] monod+kd_7.pkl  318 s  (elapsed 1098 s)
[86/120] contois+kd_7.pkl  253 s  (elapsed 1131 s)
[87/120] tessier_7.pkl  391 s  (elapsed 1156 s)
[88/120] biomass_inh+kd_7.pkl  232 s  (elapsed 1156 s)
[89/120] moser_8.pkl  226 s  (elapsed 1179 s)
[90/120] haldane+kd_7.pkl  333 s  (elapsed 1186 s)
[91/120] biomass_inh_7.pkl  276 s  (elapsed 1192 s)
[92/120] aiba_6.pkl  565 s  (elapsed 1239 s)
[93/120] monod+kd_6.pkl  560 s  (elapsed 1245 s)
[94/120] haldane_7.pkl  350 s  (elapsed 1247 s)
[95/120] monod_7.pkl  391 s  (elapsed 1249 s)
[96/120] contois+kd_8.pkl  269 s  (elapsed 1273 s)
[97/120] biomass_inh_8.pkl  264 s  (elapsed 1282 s)
[98/120] contois_8.pkl  292 s  (elapsed 1294 s)
[99/120] haldane+kd_8.pkl  311 s  (elapsed 1300 s)
[100/120] haldane_8.pkl  289 s  (elapsed 1303 s)
[101/120] hidden_6.pkl  678 s  (elapsed 1329 s)
[102/120] biomass_inh+kd_8.pkl  291 s  (elapsed 1337 s)
[103/120] tessier_8.pkl  385 s  (elapsed 1343 s)
[104/120] aiba_8.pkl  404 s  (elapsed 1350 s)
[105/120] monod+kd_8.pkl  378 s  (elapsed 1355 s)
[106/120] aiba_9.pkl  297 s  (elapsed 1357 s)
[107/120] monod_8.pkl  369 s  (elapsed 1367 s)
[108/120] moser_9.pkl  308 s  (elapsed 1381 s)
[109/120] hidden_7.pkl  634 s  (elapsed 1390 s)
[110/120] biomass_inh+kd_9.pkl  218 s  (elapsed 1404 s)
[111/120] tessier_9.pkl  333 s  (elapsed 1411 s)
[112/120] haldane_9.pkl  268 s  (elapsed 1425 s)
[113/120] biomass_inh_9.pkl  246 s  (elapsed 1425 s)
[114/120] contois+kd_9.pkl  303 s  (elapsed 1459 s)
[115/120] haldane+kd_9.pkl  370 s  (elapsed 1468 s)
[116/120] contois_9.pkl  338 s  (elapsed 1469 s)
[117/120] monod_9.pkl  387 s  (elapsed 1485 s)
[118/120] monod+kd_9.pkl  428 s  (elapsed 1510 s)
[119/120] hidden_8.pkl  689 s  (elapsed 1618 s)
[120/120] hidden_9.pkl  596 s  (elapsed 1655 s)
